******************************************************************************
                  TI ARM Linker PC v20.2.5                     
******************************************************************************
>> Linked Sun May  1 11:37:46 2022

OUTPUT FILE NAME:   <EMP_Final_Project.out>
ENTRY POINT SYMBOL: "_c_int00_noargs"  address: 000037c1


MEMORY CONFIGURATION

         name            origin    length      used     unused   attr    fill
----------------------  --------  ---------  --------  --------  ----  --------
  FLASH                 00000000   00040000  0000386e  0003c792  R  X
  SRAM                  20000000   00008000  00001ee3  0000611d  RW X


SEGMENT ALLOCATION MAP

run origin  load origin   length   init length attrs members
----------  ----------- ---------- ----------- ----- -------
00000000    00000000    00003870   00003870    r-x
  00000000    00000000    0000026c   0000026c    r-- .intvecs
  0000026c    0000026c    000035b6   000035b6    r-x .text
  00003824    00003824    00000014   00000014    r-- .const
  00003838    00003838    00000038   00000038    r-- .cinit
20000000    20000000    00001eea   00000000    rw-
  20000000    20000000    00001ca1   00000000    rw- .bss
  20001ca8    20001ca8    00000200   00000000    rw- .stack
  20001ea8    20001ea8    00000042   00000000    rw- .data


SECTION ALLOCATION MAP

 output                                  attributes/
section   page    origin      length       input sections
--------  ----  ----------  ----------   ----------------
.intvecs   0    00000000    0000026c     
                  00000000    0000026c     startup_frt.obj (.intvecs)

.text      0    0000026c    000035b6     
                  0000026c    00001d30     tasks.obj (.text)
                  00001f9c    00000bea     queue.obj (.text)
                  00002b86    00000002     --HOLE-- [fill = 0]
                  00002b88    00000348     lcd.obj (.text)
                  00002ed0    000001d8     heap_2.obj (.text)
                  000030a8    0000013c     port.obj (.text)
                  000031e4    0000012a     list.obj (.text)
                  0000330e    00000002     --HOLE-- [fill = 0]
                  00003310    000000da     portasm.obj (.text)
                  000033ea    0000009c     rtsv7M4_T_le_v4SPD16_eabi.lib : memcpy_t2.asm.obj (.text)
                  00003486    0000007a                                   : memset_t2.asm.obj (.text)
                  00003500    00000074     main.obj (.text)
                  00003574    00000070     adc.obj (.text)
                  000035e4    0000006c     gpio.obj (.text)
                  00003650    0000006c     systick_frt.obj (.text)
                  000036bc    00000068     rtsv7M4_T_le_v4SPD16_eabi.lib : copy_decompress_lzss.c.obj (.text:decompress:lzss:__TI_decompress_lzss)
                  00003724    00000058     status_led.obj (.text)
                  0000377c    00000044     rtsv7M4_T_le_v4SPD16_eabi.lib : autoinit.c.obj (.text:__TI_auto_init_nobinit_nopinit:__TI_auto_init_nobinit_nopinit)
                  000037c0    00000034                                   : boot_cortex_m.c.obj (.text:_c_int00_noargs:_c_int00_noargs)
                  000037f4    0000000e                                   : copy_decompress_none.c.obj (.text:decompress:none:__TI_decompress_none)
                  00003802    0000000c                                   : copy_zero_init.c.obj (.text:decompress:ZI:__TI_zero_init)
                  0000380e    0000000c     startup_frt.obj (.text)
                  0000381a    00000004     rtsv7M4_T_le_v4SPD16_eabi.lib : pre_init.c.obj (.text:_system_pre_init)
                  0000381e    00000004                                   : exit.c.obj (.text:abort:abort)

.const     0    00003824    00000014     
                  00003824    0000000a     lcd.obj (.const:.string:LCD_init_sequense)
                  0000382e    00000002     --HOLE-- [fill = 0]
                  00003830    00000004     port.obj (.const)
                  00003834    00000004     tasks.obj (.const)

.cinit     0    00003838    00000038     
                  00003838    00000012     (.cinit..data.load) [load image, compression = lzss]
                  0000384a    00000002     --HOLE-- [fill = 0]
                  0000384c    0000000c     (__TI_handler_table)
                  00003858    00000008     (.cinit..bss.load) [load image, compression = zero_init]
                  00003860    00000010     (__TI_cinit_table)

.init_array 
*          0    00000000    00000000     UNINITIALIZED

.bss       0    20000000    00001ca1     UNINITIALIZED
                  20000000    00001b58     heap_2.obj (.bss:ucHeap)
                  20001b58    000000c8     tasks.obj (.bss:pxReadyTasksLists)
                  20001c20    00000014     tasks.obj (.bss:xDelayedTaskList1)
                  20001c34    00000014     tasks.obj (.bss:xDelayedTaskList2)
                  20001c48    00000014     tasks.obj (.bss:xPendingReadyList)
                  20001c5c    00000014     tasks.obj (.bss:xSuspendedTaskList)
                  20001c70    00000014     tasks.obj (.bss:xTasksWaitingTermination)
                  20001c84    00000008     tasks.obj (.bss)
                  20001c8c    00000008     heap_2.obj (.bss:xEnd)
                  20001c94    00000008     heap_2.obj (.bss:xStart)
                  20001c9c    00000004     (.common:lcd_queue)
                  20001ca0    00000001     (.common:LCD_init)

.data      0    20001ea8    00000042     UNINITIALIZED
                  20001ea8    00000034     tasks.obj (.data)
                  20001edc    00000008     heap_2.obj (.data)
                  20001ee4    00000004     port.obj (.data)
                  20001ee8    00000002     lcd.obj (.data)

.stack     0    20001ca8    00000200     UNINITIALIZED
                  20001ca8    00000004     rtsv7M4_T_le_v4SPD16_eabi.lib : boot_cortex_m.c.obj (.stack)
                  20001cac    000001fc     --HOLE--

__llvm_prf_cnts 
*          0    20000000    00000000     UNINITIALIZED

MODULE SUMMARY

       Module                       code    ro data   rw data
       ------                       ----    -------   -------
    .\
       tasks.obj                    7472    4         360    
       heap_2.obj                   472     0         7024   
       queue.obj                    3050    0         0      
       lcd.obj                      840     10        3      
       startup_frt.obj              12      620       0      
       port.obj                     316     4         4      
       list.obj                     298     0         0      
       portasm.obj                  218     0         0      
       main.obj                     116     0         4      
       adc.obj                      112     0         0      
       gpio.obj                     108     0         0      
       systick_frt.obj              108     0         0      
       status_led.obj               88      0         0      
    +--+----------------------------+-------+---------+---------+
       Total:                       13210   638       7395   
                                                             
    C:\ti\ccs1110\ccs\tools\compiler\ti-cgt-arm_20.2.5.LTS\lib\rtsv7M4_T_le_v4SPD16_eabi.lib
       memcpy_t2.asm.obj            156     0         0      
       memset_t2.asm.obj            122     0         0      
       copy_decompress_lzss.c.obj   104     0         0      
       autoinit.c.obj               68      0         0      
       boot_cortex_m.c.obj          52      0         0      
       copy_decompress_none.c.obj   14      0         0      
       copy_zero_init.c.obj         12      0         0      
       exit.c.obj                   4       0         0      
       pre_init.c.obj               4       0         0      
    +--+----------------------------+-------+---------+---------+
       Total:                       536     0         0      
                                                             
       Stack:                       0       0         512    
       Linker Generated:            0       54        0      
    +--+----------------------------+-------+---------+---------+
       Grand Total:                 13746   692       7907   


LINKER GENERATED COPY TABLES

__TI_cinit_table @ 00003860 records: 2, size/record: 8, table size: 16
	.data: load addr=00003838, load size=00000012 bytes, run addr=20001ea8, run size=00000042 bytes, compression=lzss
	.bss: load addr=00003858, load size=00000008 bytes, run addr=20000000, run size=00001ca1 bytes, compression=zero_init


LINKER GENERATED HANDLER TABLE

__TI_handler_table @ 0000384c records: 3, size/record: 4, table size: 12
	index: 0, handler: __TI_decompress_lzss
	index: 1, handler: __TI_decompress_none
	index: 2, handler: __TI_zero_init


GLOBAL SYMBOLS: SORTED ALPHABETICALLY BY Name 

address   name                               
-------   ----                               
0000381f  C$$EXIT                            
20001ca0  LCD_init                           
00003824  LCD_init_sequense                  
0000380f  ResetISR                           
00002d97  Set_cursor                         
20001ea8  __STACK_END                        
00000200  __STACK_SIZE                       
20001ea8  __STACK_TOP                        
00003860  __TI_CINIT_Base                    
00003870  __TI_CINIT_Limit                   
0000384c  __TI_Handler_Table_Base            
00003858  __TI_Handler_Table_Limit           
0000377d  __TI_auto_init_nobinit_nopinit     
000036bd  __TI_decompress_lzss               
000037f5  __TI_decompress_none               
ffffffff  __TI_pprof_out_hndl                
ffffffff  __TI_prof_data_size                
ffffffff  __TI_prof_data_start               
00000000  __TI_static_base__                 
00003803  __TI_zero_init                     
00003487  __aeabi_memclr                     
00003487  __aeabi_memclr4                    
00003487  __aeabi_memclr8                    
000033eb  __aeabi_memcpy                     
000033eb  __aeabi_memcpy4                    
000033eb  __aeabi_memcpy8                    
00003489  __aeabi_memset                     
00003489  __aeabi_memset4                    
00003489  __aeabi_memset8                    
ffffffff  __binit__                          
ffffffff  __c_args__                         
UNDEFED   __mpu_init                         
20001ca8  __stack                            
20000000  __start___llvm_prf_cnts            
20000000  __stop___llvm_prf_cnts             
000037c1  _c_int00_noargs                    
UNDEFED   _system_post_cinit                 
0000381b  _system_pre_init                   
0000381f  abort                              
ffffffff  binit                              
00002d83  clr_LCD                            
00000000  g_pfnVectors                       
00003575  get_adc                            
00002d8d  home_LCD                           
0000357d  init_adc                           
000035e5  init_gpio                          
00003651  init_systick                       
20001c9c  lcd_queue                          
00002de3  lcd_task                           
00003515  main                               
000033eb  memcpy                             
0000348f  memset                             
00002bbf  move_LCD                           
00002da7  out_LCD                            
00002d17  out_LCD_high                       
00002ccd  out_LCD_low                        
00000d11  pcTaskGetName                      
00002ed1  pvPortMalloc                       
000017c9  pvTaskIncrementMutexHeldCount      
20001ea8  pxCurrentTCB                       
000030a9  pxPortInitialiseStack              
00003725  status_led_init                    
00003753  status_led_task                    
00003830  ulMaxSyscallInterruptPriority      
00003321  ulPortGetIPSR                      
000017e9  ulTaskGenericNotifyTake            
00001e59  ulTaskGenericNotifyValueClear      
000032c7  uxListRemove                       
000028d5  uxQueueMessagesWaiting             
0000290b  uxQueueMessagesWaitingFromISR      
000028eb  uxQueueSpacesAvailable             
00000d01  uxTaskGetNumberOfTasks             
00000621  uxTaskPriorityGet                  
0000064d  uxTaskPriorityGetFromISR           
000017a1  uxTaskResetEventItemValue          
00003834  uxTopUsedPriority                  
000031e5  vListInitialise                    
00003215  vListInitialiseItem                
00003261  vListInsert                        
00003225  vListInsertEnd                     
000033dd  vPortEnableVFP                     
00003149  vPortEndScheduler                  
0000314b  vPortEnterCritical                 
0000316b  vPortExitCritical                  
00002fe9  vPortFree                          
0000304d  vPortInitialiseBlocks              
00003399  vPortSVCHandler                    
000031a7  vPortSetupTimerInterrupt           
000033b9  vPortStartFirstTask                
00002921  vQueueDelete                       
000005eb  vTaskDelay                         
000004a3  vTaskDelete                        
00000b17  vTaskEndScheduler                  
00001cb1  vTaskGenericNotifyGiveFromISR      
000012bd  vTaskInternalSetTimeOutState       
00001361  vTaskMissedYield                   
00000f9b  vTaskPlaceOnEventList              
00000fbd  vTaskPlaceOnUnorderedEventList     
000016a1  vTaskPriorityDisinheritAfterTimeout
000006a9  vTaskPrioritySet                   
00001195  vTaskRemoveFromUnorderedEventList  
0000092b  vTaskResume                        
0000129f  vTaskSetTimeOutState               
00000acd  vTaskStartScheduler                
00000801  vTaskSuspend                       
00000b33  vTaskSuspendAll                    
00000f39  vTaskSwitchContext                 
00002b89  wr_ch_LCD                          
00002d2d  wr_ctrl_LCD                        
00002cb7  wr_ctrl_LCD_high                   
00002bf5  wr_ctrl_LCD_low                    
00002ba1  wr_str_LCD                         
00003047  xPortGetFreeHeapSize               
00003339  xPortPendSVHandler                 
00003113  xPortStartScheduler                
00003181  xPortSysTickHandler                
0000213f  xQueueCreateMutex                  
0000206f  xQueueGenericCreate                
00001f9d  xQueueGenericReset                 
000021eb  xQueueGenericSend                  
00002319  xQueueGenericSendFromISR           
000023bb  xQueueGiveFromISR                  
0000216b  xQueueGiveMutexRecursive           
00002b1b  xQueueIsQueueEmptyFromISR          
00002b61  xQueueIsQueueFullFromISR           
000026c7  xQueuePeek                         
00002883  xQueuePeekFromISR                  
0000244f  xQueueReceive                      
000027e9  xQueueReceiveFromISR               
0000256d  xQueueSemaphoreTake                
000021a7  xQueueTakeMutexRecursive           
00000d31  xTaskCatchUpTicks                  
000012dd  xTaskCheckForTimeOut               
0000026d  xTaskCreate                        
0000055b  xTaskDelayUntil                    
00001951  xTaskGenericNotify                 
00001ad9  xTaskGenericNotifyFromISR          
00001e09  xTaskGenericNotifyStateClear       
0000188f  xTaskGenericNotifyWait             
00001465  xTaskGetCurrentTaskHandle          
00000cd5  xTaskGetTickCount                  
00000ce9  xTaskGetTickCountFromISR           
00000d6d  xTaskIncrementTick                 
000015a9  xTaskPriorityDisinherit            
00001489  xTaskPriorityInherit               
00001035  xTaskRemoveFromEventList           
00000b49  xTaskResumeAll                     
000009f5  xTaskResumeFromISR                 


GLOBAL SYMBOLS: SORTED BY Symbol Address 

address   name                               
-------   ----                               
00000000  __TI_static_base__                 
00000000  g_pfnVectors                       
00000200  __STACK_SIZE                       
0000026d  xTaskCreate                        
000004a3  vTaskDelete                        
0000055b  xTaskDelayUntil                    
000005eb  vTaskDelay                         
00000621  uxTaskPriorityGet                  
0000064d  uxTaskPriorityGetFromISR           
000006a9  vTaskPrioritySet                   
00000801  vTaskSuspend                       
0000092b  vTaskResume                        
000009f5  xTaskResumeFromISR                 
00000acd  vTaskStartScheduler                
00000b17  vTaskEndScheduler                  
00000b33  vTaskSuspendAll                    
00000b49  xTaskResumeAll                     
00000cd5  xTaskGetTickCount                  
00000ce9  xTaskGetTickCountFromISR           
00000d01  uxTaskGetNumberOfTasks             
00000d11  pcTaskGetName                      
00000d31  xTaskCatchUpTicks                  
00000d6d  xTaskIncrementTick                 
00000f39  vTaskSwitchContext                 
00000f9b  vTaskPlaceOnEventList              
00000fbd  vTaskPlaceOnUnorderedEventList     
00001035  xTaskRemoveFromEventList           
00001195  vTaskRemoveFromUnorderedEventList  
0000129f  vTaskSetTimeOutState               
000012bd  vTaskInternalSetTimeOutState       
000012dd  xTaskCheckForTimeOut               
00001361  vTaskMissedYield                   
00001465  xTaskGetCurrentTaskHandle          
00001489  xTaskPriorityInherit               
000015a9  xTaskPriorityDisinherit            
000016a1  vTaskPriorityDisinheritAfterTimeout
000017a1  uxTaskResetEventItemValue          
000017c9  pvTaskIncrementMutexHeldCount      
000017e9  ulTaskGenericNotifyTake            
0000188f  xTaskGenericNotifyWait             
00001951  xTaskGenericNotify                 
00001ad9  xTaskGenericNotifyFromISR          
00001cb1  vTaskGenericNotifyGiveFromISR      
00001e09  xTaskGenericNotifyStateClear       
00001e59  ulTaskGenericNotifyValueClear      
00001f9d  xQueueGenericReset                 
0000206f  xQueueGenericCreate                
0000213f  xQueueCreateMutex                  
0000216b  xQueueGiveMutexRecursive           
000021a7  xQueueTakeMutexRecursive           
000021eb  xQueueGenericSend                  
00002319  xQueueGenericSendFromISR           
000023bb  xQueueGiveFromISR                  
0000244f  xQueueReceive                      
0000256d  xQueueSemaphoreTake                
000026c7  xQueuePeek                         
000027e9  xQueueReceiveFromISR               
00002883  xQueuePeekFromISR                  
000028d5  uxQueueMessagesWaiting             
000028eb  uxQueueSpacesAvailable             
0000290b  uxQueueMessagesWaitingFromISR      
00002921  vQueueDelete                       
00002b1b  xQueueIsQueueEmptyFromISR          
00002b61  xQueueIsQueueFullFromISR           
00002b89  wr_ch_LCD                          
00002ba1  wr_str_LCD                         
00002bbf  move_LCD                           
00002bf5  wr_ctrl_LCD_low                    
00002cb7  wr_ctrl_LCD_high                   
00002ccd  out_LCD_low                        
00002d17  out_LCD_high                       
00002d2d  wr_ctrl_LCD                        
00002d83  clr_LCD                            
00002d8d  home_LCD                           
00002d97  Set_cursor                         
00002da7  out_LCD                            
00002de3  lcd_task                           
00002ed1  pvPortMalloc                       
00002fe9  vPortFree                          
00003047  xPortGetFreeHeapSize               
0000304d  vPortInitialiseBlocks              
000030a9  pxPortInitialiseStack              
00003113  xPortStartScheduler                
00003149  vPortEndScheduler                  
0000314b  vPortEnterCritical                 
0000316b  vPortExitCritical                  
00003181  xPortSysTickHandler                
000031a7  vPortSetupTimerInterrupt           
000031e5  vListInitialise                    
00003215  vListInitialiseItem                
00003225  vListInsertEnd                     
00003261  vListInsert                        
000032c7  uxListRemove                       
00003321  ulPortGetIPSR                      
00003339  xPortPendSVHandler                 
00003399  vPortSVCHandler                    
000033b9  vPortStartFirstTask                
000033dd  vPortEnableVFP                     
000033eb  __aeabi_memcpy                     
000033eb  __aeabi_memcpy4                    
000033eb  __aeabi_memcpy8                    
000033eb  memcpy                             
00003487  __aeabi_memclr                     
00003487  __aeabi_memclr4                    
00003487  __aeabi_memclr8                    
00003489  __aeabi_memset                     
00003489  __aeabi_memset4                    
00003489  __aeabi_memset8                    
0000348f  memset                             
00003515  main                               
00003575  get_adc                            
0000357d  init_adc                           
000035e5  init_gpio                          
00003651  init_systick                       
000036bd  __TI_decompress_lzss               
00003725  status_led_init                    
00003753  status_led_task                    
0000377d  __TI_auto_init_nobinit_nopinit     
000037c1  _c_int00_noargs                    
000037f5  __TI_decompress_none               
00003803  __TI_zero_init                     
0000380f  ResetISR                           
0000381b  _system_pre_init                   
0000381f  C$$EXIT                            
0000381f  abort                              
00003824  LCD_init_sequense                  
00003830  ulMaxSyscallInterruptPriority      
00003834  uxTopUsedPriority                  
0000384c  __TI_Handler_Table_Base            
00003858  __TI_Handler_Table_Limit           
00003860  __TI_CINIT_Base                    
00003870  __TI_CINIT_Limit                   
20000000  __start___llvm_prf_cnts            
20000000  __stop___llvm_prf_cnts             
20001c9c  lcd_queue                          
20001ca0  LCD_init                           
20001ca8  __stack                            
20001ea8  __STACK_END                        
20001ea8  __STACK_TOP                        
20001ea8  pxCurrentTCB                       
ffffffff  __TI_pprof_out_hndl                
ffffffff  __TI_prof_data_size                
ffffffff  __TI_prof_data_start               
ffffffff  __binit__                          
ffffffff  __c_args__                         
ffffffff  binit                              
UNDEFED   __mpu_init                         
UNDEFED   _system_post_cinit                 

[148 symbols]
