******************************************************************************
                  TI ARM Linker PC v20.2.5                     
******************************************************************************
>> Linked Tue May  3 19:14:22 2022

OUTPUT FILE NAME:   <EMP_Final_Project.out>
ENTRY POINT SYMBOL: "_c_int00_noargs"  address: 0000432d


MEMORY CONFIGURATION

         name            origin    length      used     unused   attr    fill
----------------------  --------  ---------  --------  --------  ----  --------
  FLASH                 00000000   00040000  000043e6  0003bc1a  R  X
  SRAM                  20000000   00008000  00001f32  000060ce  RW X


SEGMENT ALLOCATION MAP

run origin  load origin   length   init length attrs members
----------  ----------- ---------- ----------- ----- -------
00000000    00000000    000043e8   000043e8    r-x
  00000000    00000000    0000026c   0000026c    r-- .intvecs
  0000026c    0000026c    00004122   00004122    r-x .text
  00004390    00004390    00000020   00000020    r-- .const
  000043b0    000043b0    00000038   00000038    r-- .cinit
20000000    20000000    00001f35   00000000    rw-
  20000000    20000000    00001ced   00000000    rw- .bss
  20001cf0    20001cf0    00000200   00000000    rw- .stack
  20001ef0    20001ef0    00000045   00000000    rw- .data


SECTION ALLOCATION MAP

 output                                  attributes/
section   page    origin      length       input sections
--------  ----  ----------  ----------   ----------------
.intvecs   0    00000000    0000026c     
                  00000000    0000026c     startup_frt.obj (.intvecs)

.text      0    0000026c    00004122     
                  0000026c    00001d30     tasks.obj (.text)
                  00001f9c    00000c1a     queue.obj (.text)
                  00002bb6    00000002     rtsv7M4_T_le_v4SPD16_eabi.lib : div0.asm.obj (.text)
                  00002bb8    00000514     string.obj (.text)
                  000030cc    0000036c     lcd.obj (.text)
                  00003438    000002a8     display.obj (.text)
                  000036e0    000001d8     heap_2.obj (.text)
                  000038b8    000001c4     key.obj (.text)
                  00003a7c    0000013c     port.obj (.text)
                  00003bb8    0000012a     list.obj (.text)
                  00003ce2    00000002     --HOLE-- [fill = 0]
                  00003ce4    000000e8     main.obj (.text)
                  00003dcc    000000da     portasm.obj (.text)
                  00003ea6    00000002     --HOLE-- [fill = 0]
                  00003ea8    000000b4     file.obj (.text)
                  00003f5c    0000009c     rtsv7M4_T_le_v4SPD16_eabi.lib : memcpy_t2.asm.obj (.text)
                  00003ff8    00000098     gpio.obj (.text)
                  00004090    0000007a     rtsv7M4_T_le_v4SPD16_eabi.lib : memset_t2.asm.obj (.text)
                  0000410a    00000002     --HOLE-- [fill = 0]
                  0000410c    00000070     adc.obj (.text)
                  0000417c    0000006c     systick_frt.obj (.text)
                  000041e8    00000068     rtsv7M4_T_le_v4SPD16_eabi.lib : copy_decompress_lzss.c.obj (.text:decompress:lzss:__TI_decompress_lzss)
                  00004250    00000058     status_led.obj (.text)
                  000042a8    00000044     rtsv7M4_T_le_v4SPD16_eabi.lib : autoinit.c.obj (.text:__TI_auto_init_nobinit_nopinit:__TI_auto_init_nobinit_nopinit)
                  000042ec    00000040                                   : u_divt2.asm.obj (.text)
                  0000432c    00000034                                   : boot_cortex_m.c.obj (.text:_c_int00_noargs:_c_int00_noargs)
                  00004360    0000000e                                   : copy_decompress_none.c.obj (.text:decompress:none:__TI_decompress_none)
                  0000436e    0000000c                                   : copy_zero_init.c.obj (.text:decompress:ZI:__TI_zero_init)
                  0000437a    0000000c     startup_frt.obj (.text)
                  00004386    00000004     rtsv7M4_T_le_v4SPD16_eabi.lib : pre_init.c.obj (.text:_system_pre_init)
                  0000438a    00000004                                   : exit.c.obj (.text:abort:abort)

.const     0    00004390    00000020     
                  00004390    0000000c     key.obj (.const:$P$T0$1)
                  0000439c    0000000a     lcd.obj (.const:.string:LCD_init_sequense)
                  000043a6    00000002     --HOLE-- [fill = 0]
                  000043a8    00000004     port.obj (.const)
                  000043ac    00000004     tasks.obj (.const)

.cinit     0    000043b0    00000038     
                  000043b0    00000014     (.cinit..data.load) [load image, compression = lzss]
                  000043c4    0000000c     (__TI_handler_table)
                  000043d0    00000008     (.cinit..bss.load) [load image, compression = zero_init]
                  000043d8    00000010     (__TI_cinit_table)

.init_array 
*          0    00000000    00000000     UNINITIALIZED

.bss       0    20000000    00001ced     UNINITIALIZED
                  20000000    00001b58     heap_2.obj (.bss:ucHeap)
                  20001b58    000000c8     tasks.obj (.bss:pxReadyTasksLists)
                  20001c20    00000040     (.common:pof)
                  20001c60    00000014     tasks.obj (.bss:xDelayedTaskList1)
                  20001c74    00000014     tasks.obj (.bss:xDelayedTaskList2)
                  20001c88    00000014     tasks.obj (.bss:xPendingReadyList)
                  20001c9c    00000014     tasks.obj (.bss:xSuspendedTaskList)
                  20001cb0    00000014     tasks.obj (.bss:xTasksWaitingTermination)
                  20001cc4    00000008     tasks.obj (.bss)
                  20001ccc    00000008     heap_2.obj (.bss:xEnd)
                  20001cd4    00000008     heap_2.obj (.bss:xStart)
                  20001cdc    00000004     (.common:drink_selection)
                  20001ce0    00000004     (.common:key_queue)
                  20001ce4    00000004     (.common:lcd_mutex)
                  20001ce8    00000004     (.common:lcd_queue)
                  20001cec    00000001     (.common:LCD_init)

.data      0    20001ef0    00000045     UNINITIALIZED
                  20001ef0    00000034     tasks.obj (.data)
                  20001f24    00000008     heap_2.obj (.data)
                  20001f2c    00000004     port.obj (.data)
                  20001f30    00000002     display.obj (.data)
                  20001f32    00000002     lcd.obj (.data)
                  20001f34    00000001     key.obj (.data)

.stack     0    20001cf0    00000200     UNINITIALIZED
                  20001cf0    00000004     rtsv7M4_T_le_v4SPD16_eabi.lib : boot_cortex_m.c.obj (.stack)
                  20001cf4    000001fc     --HOLE--

__llvm_prf_cnts 
*          0    20000000    00000000     UNINITIALIZED

MODULE SUMMARY

       Module                       code    ro data   rw data
       ------                       ----    -------   -------
    .\
       tasks.obj                    7472    4         360    
       heap_2.obj                   472     0         7024   
       queue.obj                    3098    0         0      
       string.obj                   1300    0         0      
       lcd.obj                      876     10        3      
       display.obj                  680     0         2      
       startup_frt.obj              12      620       0      
       key.obj                      452     12        1      
       port.obj                     316     4         4      
       list.obj                     298     0         0      
       main.obj                     232     0         16     
       file.obj                     180     0         64     
       portasm.obj                  218     0         0      
       gpio.obj                     152     0         0      
       adc.obj                      112     0         0      
       systick_frt.obj              108     0         0      
       status_led.obj               88      0         0      
    +--+----------------------------+-------+---------+---------+
       Total:                       16066   650       7474   
                                                             
    C:\ti\ccs1110\ccs\tools\compiler\ti-cgt-arm_20.2.5.LTS\lib\rtsv7M4_T_le_v4SPD16_eabi.lib
       memcpy_t2.asm.obj            156     0         0      
       memset_t2.asm.obj            122     0         0      
       copy_decompress_lzss.c.obj   104     0         0      
       autoinit.c.obj               68      0         0      
       u_divt2.asm.obj              64      0         0      
       boot_cortex_m.c.obj          52      0         0      
       copy_decompress_none.c.obj   14      0         0      
       copy_zero_init.c.obj         12      0         0      
       exit.c.obj                   4       0         0      
       pre_init.c.obj               4       0         0      
       div0.asm.obj                 2       0         0      
    +--+----------------------------+-------+---------+---------+
       Total:                       602     0         0      
                                                             
       Stack:                       0       0         512    
       Linker Generated:            0       56        0      
    +--+----------------------------+-------+---------+---------+
       Grand Total:                 16668   706       7986   


LINKER GENERATED COPY TABLES

__TI_cinit_table @ 000043d8 records: 2, size/record: 8, table size: 16
	.data: load addr=000043b0, load size=00000014 bytes, run addr=20001ef0, run size=00000045 bytes, compression=lzss
	.bss: load addr=000043d0, load size=00000008 bytes, run addr=20000000, run size=00001ced bytes, compression=zero_init


LINKER GENERATED HANDLER TABLE

__TI_handler_table @ 000043c4 records: 3, size/record: 4, table size: 12
	index: 0, handler: __TI_decompress_lzss
	index: 1, handler: __TI_decompress_none
	index: 2, handler: __TI_zero_init


GLOBAL SYMBOLS: SORTED ALPHABETICALLY BY Name 

address   name                               
-------   ----                               
0000438b  C$$EXIT                            
20001cec  LCD_init                           
0000439c  LCD_init_sequense                  
0000437b  ResetISR                           
000032db  Set_cursor                         
20001ef0  __STACK_END                        
00000200  __STACK_SIZE                       
20001ef0  __STACK_TOP                        
000043d8  __TI_CINIT_Base                    
000043e8  __TI_CINIT_Limit                   
000043c4  __TI_Handler_Table_Base            
000043d0  __TI_Handler_Table_Limit           
000042a9  __TI_auto_init_nobinit_nopinit     
000041e9  __TI_decompress_lzss               
00004361  __TI_decompress_none               
ffffffff  __TI_pprof_out_hndl                
ffffffff  __TI_prof_data_size                
ffffffff  __TI_prof_data_start               
00000000  __TI_static_base__                 
0000436f  __TI_zero_init                     
00002bb7  __aeabi_idiv0                      
00002bb7  __aeabi_ldiv0                      
00004091  __aeabi_memclr                     
00004091  __aeabi_memclr4                    
00004091  __aeabi_memclr8                    
00003f5d  __aeabi_memcpy                     
00003f5d  __aeabi_memcpy4                    
00003f5d  __aeabi_memcpy8                    
00004093  __aeabi_memset                     
00004093  __aeabi_memset4                    
00004093  __aeabi_memset8                    
000042ed  __aeabi_uidiv                      
000042ed  __aeabi_uidivmod                   
ffffffff  __binit__                          
ffffffff  __c_args__                         
UNDEFED   __mpu_init                         
20001cf0  __stack                            
20000000  __start___llvm_prf_cnts            
20000000  __stop___llvm_prf_cnts             
0000432d  _c_int00_noargs                    
UNDEFED   _system_post_cinit                 
00004387  _system_pre_init                   
0000438b  abort                              
ffffffff  binit                              
00003947  check_column                       
000032c7  clr_LCD                            
00003439  display_task                       
20001cdc  drink_selection                    
00000000  g_pfnVectors                       
0000410d  get_adc                            
00003ecb  get_file                           
00003933  get_keyboard                       
00003041  gfprintf                           
00002dad  gprint                             
0000306b  gprintf                            
00003095  gsprintf                           
000032d1  home_LCD                           
00004115  init_adc                           
00003ef7  init_files                         
00003ff9  init_gpio                          
0000417d  init_systick                       
00003905  key_catch                          
20001ce0  key_queue                          
000039c1  key_task                           
20001ce4  lcd_mutex                          
20001ce8  lcd_queue                          
00003327  lcd_task                           
00003cfd  main                               
00003f5d  memcpy                             
00004099  memset                             
00003103  move_LCD                           
000032eb  out_LCD                            
0000325b  out_LCD_high                       
00003211  out_LCD_low                        
00000d11  pcTaskGetName                      
20001c20  pof                                
00002c0b  putChars                           
00002c35  putDec                             
00002d29  putHex                             
00002beb  putStr                             
00003ea9  put_file                           
00002bb9  putc1                              
000036e1  pvPortMalloc                       
000017c9  pvTaskIncrementMutexHeldCount      
20001ef0  pxCurrentTCB                       
00003a7d  pxPortInitialiseStack              
000038b9  row                                
00004251  status_led_init                    
0000427f  status_led_task                    
000043a8  ulMaxSyscallInterruptPriority      
00003ddd  ulPortGetIPSR                      
000017e9  ulTaskGenericNotifyTake            
00001e59  ulTaskGenericNotifyValueClear      
00003c9b  uxListRemove                       
00002905  uxQueueMessagesWaiting             
0000293b  uxQueueMessagesWaitingFromISR      
0000291b  uxQueueSpacesAvailable             
00000d01  uxTaskGetNumberOfTasks             
00000621  uxTaskPriorityGet                  
0000064d  uxTaskPriorityGetFromISR           
000017a1  uxTaskResetEventItemValue          
000043ac  uxTopUsedPriority                  
00003bb9  vListInitialise                    
00003be9  vListInitialiseItem                
00003c35  vListInsert                        
00003bf9  vListInsertEnd                     
00003e99  vPortEnableVFP                     
00003b1d  vPortEndScheduler                  
00003b1f  vPortEnterCritical                 
00003b3f  vPortExitCritical                  
000037f9  vPortFree                          
0000385d  vPortInitialiseBlocks              
00003e55  vPortSVCHandler                    
00003b7b  vPortSetupTimerInterrupt           
00003e75  vPortStartFirstTask                
00002951  vQueueDelete                       
000005eb  vTaskDelay                         
000004a3  vTaskDelete                        
00000b17  vTaskEndScheduler                  
00001cb1  vTaskGenericNotifyGiveFromISR      
000012bd  vTaskInternalSetTimeOutState       
00001361  vTaskMissedYield                   
00000f9b  vTaskPlaceOnEventList              
00000fbd  vTaskPlaceOnUnorderedEventList     
000016a1  vTaskPriorityDisinheritAfterTimeout
000006a9  vTaskPrioritySet                   
00001195  vTaskRemoveFromUnorderedEventList  
0000092b  vTaskResume                        
0000129f  vTaskSetTimeOutState               
00000acd  vTaskStartScheduler                
00000801  vTaskSuspend                       
00000b33  vTaskSuspendAll                    
00000f39  vTaskSwitchContext                 
000030cd  wr_ch_LCD                          
00003271  wr_ctrl_LCD                        
000031fb  wr_ctrl_LCD_high                   
00003139  wr_ctrl_LCD_low                    
000030e5  wr_str_LCD                         
00003857  xPortGetFreeHeapSize               
00003df5  xPortPendSVHandler                 
00003ae7  xPortStartScheduler                
00003b55  xPortSysTickHandler                
000021eb  xQueueCreateCountingSemaphore      
0000213f  xQueueCreateMutex                  
0000206f  xQueueGenericCreate                
00001f9d  xQueueGenericReset                 
0000221b  xQueueGenericSend                  
00002349  xQueueGenericSendFromISR           
000023eb  xQueueGiveFromISR                  
0000216b  xQueueGiveMutexRecursive           
00002b4b  xQueueIsQueueEmptyFromISR          
00002b91  xQueueIsQueueFullFromISR           
000026f7  xQueuePeek                         
000028b3  xQueuePeekFromISR                  
0000247f  xQueueReceive                      
00002819  xQueueReceiveFromISR               
0000259d  xQueueSemaphoreTake                
000021a7  xQueueTakeMutexRecursive           
00000d31  xTaskCatchUpTicks                  
000012dd  xTaskCheckForTimeOut               
0000026d  xTaskCreate                        
0000055b  xTaskDelayUntil                    
00001951  xTaskGenericNotify                 
00001ad9  xTaskGenericNotifyFromISR          
00001e09  xTaskGenericNotifyStateClear       
0000188f  xTaskGenericNotifyWait             
00001465  xTaskGetCurrentTaskHandle          
00000cd5  xTaskGetTickCount                  
00000ce9  xTaskGetTickCountFromISR           
00000d6d  xTaskIncrementTick                 
000015a9  xTaskPriorityDisinherit            
00001489  xTaskPriorityInherit               
00001035  xTaskRemoveFromEventList           
00000b49  xTaskResumeAll                     
000009f5  xTaskResumeFromISR                 


GLOBAL SYMBOLS: SORTED BY Symbol Address 

address   name                               
-------   ----                               
00000000  __TI_static_base__                 
00000000  g_pfnVectors                       
00000200  __STACK_SIZE                       
0000026d  xTaskCreate                        
000004a3  vTaskDelete                        
0000055b  xTaskDelayUntil                    
000005eb  vTaskDelay                         
00000621  uxTaskPriorityGet                  
0000064d  uxTaskPriorityGetFromISR           
000006a9  vTaskPrioritySet                   
00000801  vTaskSuspend                       
0000092b  vTaskResume                        
000009f5  xTaskResumeFromISR                 
00000acd  vTaskStartScheduler                
00000b17  vTaskEndScheduler                  
00000b33  vTaskSuspendAll                    
00000b49  xTaskResumeAll                     
00000cd5  xTaskGetTickCount                  
00000ce9  xTaskGetTickCountFromISR           
00000d01  uxTaskGetNumberOfTasks             
00000d11  pcTaskGetName                      
00000d31  xTaskCatchUpTicks                  
00000d6d  xTaskIncrementTick                 
00000f39  vTaskSwitchContext                 
00000f9b  vTaskPlaceOnEventList              
00000fbd  vTaskPlaceOnUnorderedEventList     
00001035  xTaskRemoveFromEventList           
00001195  vTaskRemoveFromUnorderedEventList  
0000129f  vTaskSetTimeOutState               
000012bd  vTaskInternalSetTimeOutState       
000012dd  xTaskCheckForTimeOut               
00001361  vTaskMissedYield                   
00001465  xTaskGetCurrentTaskHandle          
00001489  xTaskPriorityInherit               
000015a9  xTaskPriorityDisinherit            
000016a1  vTaskPriorityDisinheritAfterTimeout
000017a1  uxTaskResetEventItemValue          
000017c9  pvTaskIncrementMutexHeldCount      
000017e9  ulTaskGenericNotifyTake            
0000188f  xTaskGenericNotifyWait             
00001951  xTaskGenericNotify                 
00001ad9  xTaskGenericNotifyFromISR          
00001cb1  vTaskGenericNotifyGiveFromISR      
00001e09  xTaskGenericNotifyStateClear       
00001e59  ulTaskGenericNotifyValueClear      
00001f9d  xQueueGenericReset                 
0000206f  xQueueGenericCreate                
0000213f  xQueueCreateMutex                  
0000216b  xQueueGiveMutexRecursive           
000021a7  xQueueTakeMutexRecursive           
000021eb  xQueueCreateCountingSemaphore      
0000221b  xQueueGenericSend                  
00002349  xQueueGenericSendFromISR           
000023eb  xQueueGiveFromISR                  
0000247f  xQueueReceive                      
0000259d  xQueueSemaphoreTake                
000026f7  xQueuePeek                         
00002819  xQueueReceiveFromISR               
000028b3  xQueuePeekFromISR                  
00002905  uxQueueMessagesWaiting             
0000291b  uxQueueSpacesAvailable             
0000293b  uxQueueMessagesWaitingFromISR      
00002951  vQueueDelete                       
00002b4b  xQueueIsQueueEmptyFromISR          
00002b91  xQueueIsQueueFullFromISR           
00002bb7  __aeabi_idiv0                      
00002bb7  __aeabi_ldiv0                      
00002bb9  putc1                              
00002beb  putStr                             
00002c0b  putChars                           
00002c35  putDec                             
00002d29  putHex                             
00002dad  gprint                             
00003041  gfprintf                           
0000306b  gprintf                            
00003095  gsprintf                           
000030cd  wr_ch_LCD                          
000030e5  wr_str_LCD                         
00003103  move_LCD                           
00003139  wr_ctrl_LCD_low                    
000031fb  wr_ctrl_LCD_high                   
00003211  out_LCD_low                        
0000325b  out_LCD_high                       
00003271  wr_ctrl_LCD                        
000032c7  clr_LCD                            
000032d1  home_LCD                           
000032db  Set_cursor                         
000032eb  out_LCD                            
00003327  lcd_task                           
00003439  display_task                       
000036e1  pvPortMalloc                       
000037f9  vPortFree                          
00003857  xPortGetFreeHeapSize               
0000385d  vPortInitialiseBlocks              
000038b9  row                                
00003905  key_catch                          
00003933  get_keyboard                       
00003947  check_column                       
000039c1  key_task                           
00003a7d  pxPortInitialiseStack              
00003ae7  xPortStartScheduler                
00003b1d  vPortEndScheduler                  
00003b1f  vPortEnterCritical                 
00003b3f  vPortExitCritical                  
00003b55  xPortSysTickHandler                
00003b7b  vPortSetupTimerInterrupt           
00003bb9  vListInitialise                    
00003be9  vListInitialiseItem                
00003bf9  vListInsertEnd                     
00003c35  vListInsert                        
00003c9b  uxListRemove                       
00003cfd  main                               
00003ddd  ulPortGetIPSR                      
00003df5  xPortPendSVHandler                 
00003e55  vPortSVCHandler                    
00003e75  vPortStartFirstTask                
00003e99  vPortEnableVFP                     
00003ea9  put_file                           
00003ecb  get_file                           
00003ef7  init_files                         
00003f5d  __aeabi_memcpy                     
00003f5d  __aeabi_memcpy4                    
00003f5d  __aeabi_memcpy8                    
00003f5d  memcpy                             
00003ff9  init_gpio                          
00004091  __aeabi_memclr                     
00004091  __aeabi_memclr4                    
00004091  __aeabi_memclr8                    
00004093  __aeabi_memset                     
00004093  __aeabi_memset4                    
00004093  __aeabi_memset8                    
00004099  memset                             
0000410d  get_adc                            
00004115  init_adc                           
0000417d  init_systick                       
000041e9  __TI_decompress_lzss               
00004251  status_led_init                    
0000427f  status_led_task                    
000042a9  __TI_auto_init_nobinit_nopinit     
000042ed  __aeabi_uidiv                      
000042ed  __aeabi_uidivmod                   
0000432d  _c_int00_noargs                    
00004361  __TI_decompress_none               
0000436f  __TI_zero_init                     
0000437b  ResetISR                           
00004387  _system_pre_init                   
0000438b  C$$EXIT                            
0000438b  abort                              
0000439c  LCD_init_sequense                  
000043a8  ulMaxSyscallInterruptPriority      
000043ac  uxTopUsedPriority                  
000043c4  __TI_Handler_Table_Base            
000043d0  __TI_Handler_Table_Limit           
000043d8  __TI_CINIT_Base                    
000043e8  __TI_CINIT_Limit                   
20000000  __start___llvm_prf_cnts            
20000000  __stop___llvm_prf_cnts             
20001c20  pof                                
20001cdc  drink_selection                    
20001ce0  key_queue                          
20001ce4  lcd_mutex                          
20001ce8  lcd_queue                          
20001cec  LCD_init                           
20001cf0  __stack                            
20001ef0  __STACK_END                        
20001ef0  __STACK_TOP                        
20001ef0  pxCurrentTCB                       
ffffffff  __TI_pprof_out_hndl                
ffffffff  __TI_prof_data_size                
ffffffff  __TI_prof_data_start               
ffffffff  __binit__                          
ffffffff  __c_args__                         
ffffffff  binit                              
UNDEFED   __mpu_init                         
UNDEFED   _system_post_cinit                 

[175 symbols]
