******************************************************************************
                  TI ARM Linker PC v20.2.5                     
******************************************************************************
>> Linked Sun May  8 11:11:06 2022

OUTPUT FILE NAME:   <EMP_Final_Project.out>
ENTRY POINT SYMBOL: "_c_int00_noargs"  address: 000044c9


MEMORY CONFIGURATION

         name            origin    length      used     unused   attr    fill
----------------------  --------  ---------  --------  --------  ----  --------
  FLASH                 00000000   00040000  00004582  0003ba7e  R  X
  SRAM                  20000000   00008000  00001f32  000060ce  RW X


SEGMENT ALLOCATION MAP

run origin  load origin   length   init length attrs members
----------  ----------- ---------- ----------- ----- -------
00000000    00000000    00004588   00004588    r-x
  00000000    00000000    0000026c   0000026c    r-- .intvecs
  0000026c    0000026c    000042be   000042be    r-x .text
  0000452c    0000452c    00000020   00000020    r-- .const
  00004550    00004550    00000038   00000038    r-- .cinit
20000000    20000000    00001f35   00000000    rw-
  20000000    20000000    00001ced   00000000    rw- .bss
  20001cf0    20001cf0    00000200   00000000    rw- .stack
  20001ef0    20001ef0    00000045   00000000    rw- .data


SECTION ALLOCATION MAP

 output                                  attributes/
section   page    origin      length       input sections
--------  ----  ----------  ----------   ----------------
.intvecs   0    00000000    0000026c     
                  00000000    0000026c     startup_frt.obj (.intvecs)

.text      0    0000026c    000042be     
                  0000026c    00001d30     tasks.obj (.text)
                  00001f9c    00000c1a     queue.obj (.text)
                  00002bb6    00000002     rtsv7M4_T_le_v4SPD16_eabi.lib : div0.asm.obj (.text)
                  00002bb8    00000514     string.obj (.text)
                  000030cc    00000444     display.obj (.text)
                  00003510    0000036c     lcd.obj (.text)
                  0000387c    000001d8     heap_2.obj (.text)
                  00003a54    000001c4     key.obj (.text)
                  00003c18    0000013c     port.obj (.text)
                  00003d54    0000012a     list.obj (.text)
                  00003e7e    00000002     --HOLE-- [fill = 0]
                  00003e80    000000e8     main.obj (.text)
                  00003f68    000000da     portasm.obj (.text)
                  00004042    00000002     --HOLE-- [fill = 0]
                  00004044    000000b4     file.obj (.text)
                  000040f8    0000009c     rtsv7M4_T_le_v4SPD16_eabi.lib : memcpy_t2.asm.obj (.text)
                  00004194    00000098     gpio.obj (.text)
                  0000422c    0000007a     rtsv7M4_T_le_v4SPD16_eabi.lib : memset_t2.asm.obj (.text)
                  000042a6    00000002     --HOLE-- [fill = 0]
                  000042a8    00000070     adc.obj (.text)
                  00004318    0000006c     systick_frt.obj (.text)
                  00004384    00000068     rtsv7M4_T_le_v4SPD16_eabi.lib : copy_decompress_lzss.c.obj (.text:decompress:lzss:__TI_decompress_lzss)
                  000043ec    00000058     status_led.obj (.text)
                  00004444    00000044     rtsv7M4_T_le_v4SPD16_eabi.lib : autoinit.c.obj (.text:__TI_auto_init_nobinit_nopinit:__TI_auto_init_nobinit_nopinit)
                  00004488    00000040                                   : u_divt2.asm.obj (.text)
                  000044c8    00000034                                   : boot_cortex_m.c.obj (.text:_c_int00_noargs:_c_int00_noargs)
                  000044fc    0000000e                                   : copy_decompress_none.c.obj (.text:decompress:none:__TI_decompress_none)
                  0000450a    0000000c                                   : copy_zero_init.c.obj (.text:decompress:ZI:__TI_zero_init)
                  00004516    0000000c     startup_frt.obj (.text)
                  00004522    00000004     rtsv7M4_T_le_v4SPD16_eabi.lib : pre_init.c.obj (.text:_system_pre_init)
                  00004526    00000004                                   : exit.c.obj (.text:abort:abort)

.const     0    0000452c    00000020     
                  0000452c    0000000c     key.obj (.const:$P$T0$1)
                  00004538    0000000a     lcd.obj (.const:.string:LCD_init_sequense)
                  00004542    00000002     --HOLE-- [fill = 0]
                  00004544    00000004     port.obj (.const)
                  00004548    00000004     tasks.obj (.const)

.cinit     0    00004550    00000038     
                  00004550    00000014     (.cinit..data.load) [load image, compression = lzss]
                  00004564    0000000c     (__TI_handler_table)
                  00004570    00000008     (.cinit..bss.load) [load image, compression = zero_init]
                  00004578    00000010     (__TI_cinit_table)

.init_array 
*          0    00000000    00000000     UNINITIALIZED

.bss       0    20000000    00001ced     UNINITIALIZED
                  20000000    00001b58     heap_2.obj (.bss:ucHeap)
                  20001b58    000000c8     tasks.obj (.bss:pxReadyTasksLists)
                  20001c20    00000040     (.common:pof)
                  20001c60    00000014     tasks.obj (.bss:xDelayedTaskList1)
                  20001c74    00000014     tasks.obj (.bss:xDelayedTaskList2)
                  20001c88    00000014     tasks.obj (.bss:xPendingReadyList)
                  20001c9c    00000014     tasks.obj (.bss:xSuspendedTaskList)
                  20001cb0    00000014     tasks.obj (.bss:xTasksWaitingTermination)
                  20001cc4    00000008     tasks.obj (.bss)
                  20001ccc    00000008     heap_2.obj (.bss:xEnd)
                  20001cd4    00000008     heap_2.obj (.bss:xStart)
                  20001cdc    00000004     (.common:drink_selection)
                  20001ce0    00000004     (.common:key_queue)
                  20001ce4    00000004     (.common:lcd_mutex)
                  20001ce8    00000004     (.common:lcd_queue)
                  20001cec    00000001     (.common:LCD_init)

.data      0    20001ef0    00000045     UNINITIALIZED
                  20001ef0    00000034     tasks.obj (.data)
                  20001f24    00000008     heap_2.obj (.data)
                  20001f2c    00000004     port.obj (.data)
                  20001f30    00000002     display.obj (.data)
                  20001f32    00000002     lcd.obj (.data)
                  20001f34    00000001     key.obj (.data)

.stack     0    20001cf0    00000200     UNINITIALIZED
                  20001cf0    00000004     rtsv7M4_T_le_v4SPD16_eabi.lib : boot_cortex_m.c.obj (.stack)
                  20001cf4    000001fc     --HOLE--

__llvm_prf_cnts 
*          0    20000000    00000000     UNINITIALIZED

MODULE SUMMARY

       Module                       code    ro data   rw data
       ------                       ----    -------   -------
    .\
       tasks.obj                    7472    4         360    
       heap_2.obj                   472     0         7024   
       queue.obj                    3098    0         0      
       string.obj                   1300    0         0      
       display.obj                  1092    0         2      
       lcd.obj                      876     10        3      
       startup_frt.obj              12      620       0      
       key.obj                      452     12        1      
       port.obj                     316     4         4      
       list.obj                     298     0         0      
       main.obj                     232     0         16     
       file.obj                     180     0         64     
       portasm.obj                  218     0         0      
       gpio.obj                     152     0         0      
       adc.obj                      112     0         0      
       systick_frt.obj              108     0         0      
       status_led.obj               88      0         0      
    +--+----------------------------+-------+---------+---------+
       Total:                       16478   650       7474   
                                                             
    C:\ti\ccs1110\ccs\tools\compiler\ti-cgt-arm_20.2.5.LTS\lib\rtsv7M4_T_le_v4SPD16_eabi.lib
       memcpy_t2.asm.obj            156     0         0      
       memset_t2.asm.obj            122     0         0      
       copy_decompress_lzss.c.obj   104     0         0      
       autoinit.c.obj               68      0         0      
       u_divt2.asm.obj              64      0         0      
       boot_cortex_m.c.obj          52      0         0      
       copy_decompress_none.c.obj   14      0         0      
       copy_zero_init.c.obj         12      0         0      
       exit.c.obj                   4       0         0      
       pre_init.c.obj               4       0         0      
       div0.asm.obj                 2       0         0      
    +--+----------------------------+-------+---------+---------+
       Total:                       602     0         0      
                                                             
       Stack:                       0       0         512    
       Linker Generated:            0       56        0      
    +--+----------------------------+-------+---------+---------+
       Grand Total:                 17080   706       7986   


LINKER GENERATED COPY TABLES

__TI_cinit_table @ 00004578 records: 2, size/record: 8, table size: 16
	.data: load addr=00004550, load size=00000014 bytes, run addr=20001ef0, run size=00000045 bytes, compression=lzss
	.bss: load addr=00004570, load size=00000008 bytes, run addr=20000000, run size=00001ced bytes, compression=zero_init


LINKER GENERATED HANDLER TABLE

__TI_handler_table @ 00004564 records: 3, size/record: 4, table size: 12
	index: 0, handler: __TI_decompress_lzss
	index: 1, handler: __TI_decompress_none
	index: 2, handler: __TI_zero_init


GLOBAL SYMBOLS: SORTED ALPHABETICALLY BY Name 

address   name                               
-------   ----                               
00004527  C$$EXIT                            
20001cec  LCD_init                           
00004538  LCD_init_sequense                  
00004517  ResetISR                           
0000371f  Set_cursor                         
20001ef0  __STACK_END                        
00000200  __STACK_SIZE                       
20001ef0  __STACK_TOP                        
00004578  __TI_CINIT_Base                    
00004588  __TI_CINIT_Limit                   
00004564  __TI_Handler_Table_Base            
00004570  __TI_Handler_Table_Limit           
00004445  __TI_auto_init_nobinit_nopinit     
00004385  __TI_decompress_lzss               
000044fd  __TI_decompress_none               
ffffffff  __TI_pprof_out_hndl                
ffffffff  __TI_prof_data_size                
ffffffff  __TI_prof_data_start               
00000000  __TI_static_base__                 
0000450b  __TI_zero_init                     
00002bb7  __aeabi_idiv0                      
00002bb7  __aeabi_ldiv0                      
0000422d  __aeabi_memclr                     
0000422d  __aeabi_memclr4                    
0000422d  __aeabi_memclr8                    
000040f9  __aeabi_memcpy                     
000040f9  __aeabi_memcpy4                    
000040f9  __aeabi_memcpy8                    
0000422f  __aeabi_memset                     
0000422f  __aeabi_memset4                    
0000422f  __aeabi_memset8                    
00004489  __aeabi_uidiv                      
00004489  __aeabi_uidivmod                   
ffffffff  __binit__                          
ffffffff  __c_args__                         
UNDEFED   __mpu_init                         
20001cf0  __stack                            
20000000  __start___llvm_prf_cnts            
20000000  __stop___llvm_prf_cnts             
000044c9  _c_int00_noargs                    
UNDEFED   _system_post_cinit                 
00004523  _system_pre_init                   
00004527  abort                              
ffffffff  binit                              
00003ae3  check_column                       
00003309  check_input                        
0000370b  clr_LCD                            
000030cd  display_task                       
20001cdc  drink_selection                    
00000000  g_pfnVectors                       
000042a9  get_adc                            
00004067  get_file                           
00003acf  get_keyboard                       
00003041  gfprintf                           
00002dad  gprint                             
0000306b  gprintf                            
00003095  gsprintf                           
00003715  home_LCD                           
000042b1  init_adc                           
00004093  init_files                         
00004195  init_gpio                          
00004319  init_systick                       
00003aa1  key_catch                          
20001ce0  key_queue                          
00003b5d  key_task                           
20001ce4  lcd_mutex                          
20001ce8  lcd_queue                          
0000376b  lcd_task                           
00003e99  main                               
000040f9  memcpy                             
00004235  memset                             
00003547  move_LCD                           
0000372f  out_LCD                            
0000369f  out_LCD_high                       
00003655  out_LCD_low                        
00000d11  pcTaskGetName                      
20001c20  pof                                
00002c0b  putChars                           
00002c35  putDec                             
00002d29  putHex                             
00002beb  putStr                             
00004045  put_file                           
00002bb9  putc1                              
0000387d  pvPortMalloc                       
000017c9  pvTaskIncrementMutexHeldCount      
20001ef0  pxCurrentTCB                       
00003c19  pxPortInitialiseStack              
00003a55  row                                
000043ed  status_led_init                    
0000441b  status_led_task                    
00004544  ulMaxSyscallInterruptPriority      
00003f79  ulPortGetIPSR                      
000017e9  ulTaskGenericNotifyTake            
00001e59  ulTaskGenericNotifyValueClear      
00003e37  uxListRemove                       
00002905  uxQueueMessagesWaiting             
0000293b  uxQueueMessagesWaitingFromISR      
0000291b  uxQueueSpacesAvailable             
00000d01  uxTaskGetNumberOfTasks             
00000621  uxTaskPriorityGet                  
0000064d  uxTaskPriorityGetFromISR           
000017a1  uxTaskResetEventItemValue          
00004548  uxTopUsedPriority                  
00003d55  vListInitialise                    
00003d85  vListInitialiseItem                
00003dd1  vListInsert                        
00003d95  vListInsertEnd                     
00004035  vPortEnableVFP                     
00003cb9  vPortEndScheduler                  
00003cbb  vPortEnterCritical                 
00003cdb  vPortExitCritical                  
00003995  vPortFree                          
000039f9  vPortInitialiseBlocks              
00003ff1  vPortSVCHandler                    
00003d17  vPortSetupTimerInterrupt           
00004011  vPortStartFirstTask                
00002951  vQueueDelete                       
000005eb  vTaskDelay                         
000004a3  vTaskDelete                        
00000b17  vTaskEndScheduler                  
00001cb1  vTaskGenericNotifyGiveFromISR      
000012bd  vTaskInternalSetTimeOutState       
00001361  vTaskMissedYield                   
00000f9b  vTaskPlaceOnEventList              
00000fbd  vTaskPlaceOnUnorderedEventList     
000016a1  vTaskPriorityDisinheritAfterTimeout
000006a9  vTaskPrioritySet                   
00001195  vTaskRemoveFromUnorderedEventList  
0000092b  vTaskResume                        
0000129f  vTaskSetTimeOutState               
00000acd  vTaskStartScheduler                
00000801  vTaskSuspend                       
00000b33  vTaskSuspendAll                    
00000f39  vTaskSwitchContext                 
00003511  wr_ch_LCD                          
000036b5  wr_ctrl_LCD                        
0000363f  wr_ctrl_LCD_high                   
0000357d  wr_ctrl_LCD_low                    
00003529  wr_str_LCD                         
000039f3  xPortGetFreeHeapSize               
00003f91  xPortPendSVHandler                 
00003c83  xPortStartScheduler                
00003cf1  xPortSysTickHandler                
000021eb  xQueueCreateCountingSemaphore      
0000213f  xQueueCreateMutex                  
0000206f  xQueueGenericCreate                
00001f9d  xQueueGenericReset                 
0000221b  xQueueGenericSend                  
00002349  xQueueGenericSendFromISR           
000023eb  xQueueGiveFromISR                  
0000216b  xQueueGiveMutexRecursive           
00002b4b  xQueueIsQueueEmptyFromISR          
00002b91  xQueueIsQueueFullFromISR           
000026f7  xQueuePeek                         
000028b3  xQueuePeekFromISR                  
0000247f  xQueueReceive                      
00002819  xQueueReceiveFromISR               
0000259d  xQueueSemaphoreTake                
000021a7  xQueueTakeMutexRecursive           
00000d31  xTaskCatchUpTicks                  
000012dd  xTaskCheckForTimeOut               
0000026d  xTaskCreate                        
0000055b  xTaskDelayUntil                    
00001951  xTaskGenericNotify                 
00001ad9  xTaskGenericNotifyFromISR          
00001e09  xTaskGenericNotifyStateClear       
0000188f  xTaskGenericNotifyWait             
00001465  xTaskGetCurrentTaskHandle          
00000cd5  xTaskGetTickCount                  
00000ce9  xTaskGetTickCountFromISR           
00000d6d  xTaskIncrementTick                 
000015a9  xTaskPriorityDisinherit            
00001489  xTaskPriorityInherit               
00001035  xTaskRemoveFromEventList           
00000b49  xTaskResumeAll                     
000009f5  xTaskResumeFromISR                 


GLOBAL SYMBOLS: SORTED BY Symbol Address 

address   name                               
-------   ----                               
00000000  __TI_static_base__                 
00000000  g_pfnVectors                       
00000200  __STACK_SIZE                       
0000026d  xTaskCreate                        
000004a3  vTaskDelete                        
0000055b  xTaskDelayUntil                    
000005eb  vTaskDelay                         
00000621  uxTaskPriorityGet                  
0000064d  uxTaskPriorityGetFromISR           
000006a9  vTaskPrioritySet                   
00000801  vTaskSuspend                       
0000092b  vTaskResume                        
000009f5  xTaskResumeFromISR                 
00000acd  vTaskStartScheduler                
00000b17  vTaskEndScheduler                  
00000b33  vTaskSuspendAll                    
00000b49  xTaskResumeAll                     
00000cd5  xTaskGetTickCount                  
00000ce9  xTaskGetTickCountFromISR           
00000d01  uxTaskGetNumberOfTasks             
00000d11  pcTaskGetName                      
00000d31  xTaskCatchUpTicks                  
00000d6d  xTaskIncrementTick                 
00000f39  vTaskSwitchContext                 
00000f9b  vTaskPlaceOnEventList              
00000fbd  vTaskPlaceOnUnorderedEventList     
00001035  xTaskRemoveFromEventList           
00001195  vTaskRemoveFromUnorderedEventList  
0000129f  vTaskSetTimeOutState               
000012bd  vTaskInternalSetTimeOutState       
000012dd  xTaskCheckForTimeOut               
00001361  vTaskMissedYield                   
00001465  xTaskGetCurrentTaskHandle          
00001489  xTaskPriorityInherit               
000015a9  xTaskPriorityDisinherit            
000016a1  vTaskPriorityDisinheritAfterTimeout
000017a1  uxTaskResetEventItemValue          
000017c9  pvTaskIncrementMutexHeldCount      
000017e9  ulTaskGenericNotifyTake            
0000188f  xTaskGenericNotifyWait             
00001951  xTaskGenericNotify                 
00001ad9  xTaskGenericNotifyFromISR          
00001cb1  vTaskGenericNotifyGiveFromISR      
00001e09  xTaskGenericNotifyStateClear       
00001e59  ulTaskGenericNotifyValueClear      
00001f9d  xQueueGenericReset                 
0000206f  xQueueGenericCreate                
0000213f  xQueueCreateMutex                  
0000216b  xQueueGiveMutexRecursive           
000021a7  xQueueTakeMutexRecursive           
000021eb  xQueueCreateCountingSemaphore      
0000221b  xQueueGenericSend                  
00002349  xQueueGenericSendFromISR           
000023eb  xQueueGiveFromISR                  
0000247f  xQueueReceive                      
0000259d  xQueueSemaphoreTake                
000026f7  xQueuePeek                         
00002819  xQueueReceiveFromISR               
000028b3  xQueuePeekFromISR                  
00002905  uxQueueMessagesWaiting             
0000291b  uxQueueSpacesAvailable             
0000293b  uxQueueMessagesWaitingFromISR      
00002951  vQueueDelete                       
00002b4b  xQueueIsQueueEmptyFromISR          
00002b91  xQueueIsQueueFullFromISR           
00002bb7  __aeabi_idiv0                      
00002bb7  __aeabi_ldiv0                      
00002bb9  putc1                              
00002beb  putStr                             
00002c0b  putChars                           
00002c35  putDec                             
00002d29  putHex                             
00002dad  gprint                             
00003041  gfprintf                           
0000306b  gprintf                            
00003095  gsprintf                           
000030cd  display_task                       
00003309  check_input                        
00003511  wr_ch_LCD                          
00003529  wr_str_LCD                         
00003547  move_LCD                           
0000357d  wr_ctrl_LCD_low                    
0000363f  wr_ctrl_LCD_high                   
00003655  out_LCD_low                        
0000369f  out_LCD_high                       
000036b5  wr_ctrl_LCD                        
0000370b  clr_LCD                            
00003715  home_LCD                           
0000371f  Set_cursor                         
0000372f  out_LCD                            
0000376b  lcd_task                           
0000387d  pvPortMalloc                       
00003995  vPortFree                          
000039f3  xPortGetFreeHeapSize               
000039f9  vPortInitialiseBlocks              
00003a55  row                                
00003aa1  key_catch                          
00003acf  get_keyboard                       
00003ae3  check_column                       
00003b5d  key_task                           
00003c19  pxPortInitialiseStack              
00003c83  xPortStartScheduler                
00003cb9  vPortEndScheduler                  
00003cbb  vPortEnterCritical                 
00003cdb  vPortExitCritical                  
00003cf1  xPortSysTickHandler                
00003d17  vPortSetupTimerInterrupt           
00003d55  vListInitialise                    
00003d85  vListInitialiseItem                
00003d95  vListInsertEnd                     
00003dd1  vListInsert                        
00003e37  uxListRemove                       
00003e99  main                               
00003f79  ulPortGetIPSR                      
00003f91  xPortPendSVHandler                 
00003ff1  vPortSVCHandler                    
00004011  vPortStartFirstTask                
00004035  vPortEnableVFP                     
00004045  put_file                           
00004067  get_file                           
00004093  init_files                         
000040f9  __aeabi_memcpy                     
000040f9  __aeabi_memcpy4                    
000040f9  __aeabi_memcpy8                    
000040f9  memcpy                             
00004195  init_gpio                          
0000422d  __aeabi_memclr                     
0000422d  __aeabi_memclr4                    
0000422d  __aeabi_memclr8                    
0000422f  __aeabi_memset                     
0000422f  __aeabi_memset4                    
0000422f  __aeabi_memset8                    
00004235  memset                             
000042a9  get_adc                            
000042b1  init_adc                           
00004319  init_systick                       
00004385  __TI_decompress_lzss               
000043ed  status_led_init                    
0000441b  status_led_task                    
00004445  __TI_auto_init_nobinit_nopinit     
00004489  __aeabi_uidiv                      
00004489  __aeabi_uidivmod                   
000044c9  _c_int00_noargs                    
000044fd  __TI_decompress_none               
0000450b  __TI_zero_init                     
00004517  ResetISR                           
00004523  _system_pre_init                   
00004527  C$$EXIT                            
00004527  abort                              
00004538  LCD_init_sequense                  
00004544  ulMaxSyscallInterruptPriority      
00004548  uxTopUsedPriority                  
00004564  __TI_Handler_Table_Base            
00004570  __TI_Handler_Table_Limit           
00004578  __TI_CINIT_Base                    
00004588  __TI_CINIT_Limit                   
20000000  __start___llvm_prf_cnts            
20000000  __stop___llvm_prf_cnts             
20001c20  pof                                
20001cdc  drink_selection                    
20001ce0  key_queue                          
20001ce4  lcd_mutex                          
20001ce8  lcd_queue                          
20001cec  LCD_init                           
20001cf0  __stack                            
20001ef0  __STACK_END                        
20001ef0  __STACK_TOP                        
20001ef0  pxCurrentTCB                       
ffffffff  __TI_pprof_out_hndl                
ffffffff  __TI_prof_data_size                
ffffffff  __TI_prof_data_start               
ffffffff  __binit__                          
ffffffff  __c_args__                         
ffffffff  binit                              
UNDEFED   __mpu_init                         
UNDEFED   _system_post_cinit                 

[176 symbols]
